running egg_info
writing ../build/image_publisher/image_publisher.egg-info/PKG-INFO
writing dependency_links to ../build/image_publisher/image_publisher.egg-info/dependency_links.txt
writing entry points to ../build/image_publisher/image_publisher.egg-info/entry_points.txt
writing requirements to ../build/image_publisher/image_publisher.egg-info/requires.txt
writing top-level names to ../build/image_publisher/image_publisher.egg-info/top_level.txt
reading manifest file '../build/image_publisher/image_publisher.egg-info/SOURCES.txt'
writing manifest file '../build/image_publisher/image_publisher.egg-info/SOURCES.txt'
running build
running build_py
copying image_publisher/__init__.py -> /home/joshikanamani/Ros2/ScouMateMainDir/image_publisher/src/build/image_publisher/build/lib/image_publisher
copying image_publisher/cameranode.py -> /home/joshikanamani/Ros2/ScouMateMainDir/image_publisher/src/build/image_publisher/build/lib/image_publisher
running install
running install_lib
copying /home/joshikanamani/Ros2/ScouMateMainDir/image_publisher/src/build/image_publisher/build/lib/image_publisher/cameranode.py -> /home/joshikanamani/Ros2/ScouMateMainDir/image_publisher/src/install/image_publisher/lib/python3.8/site-packages/image_publisher
byte-compiling /home/joshikanamani/Ros2/ScouMateMainDir/image_publisher/src/install/image_publisher/lib/python3.8/site-packages/image_publisher/cameranode.py to cameranode.cpython-38.pyc
running install_data
copying resource/image_publisher -> /home/joshikanamani/Ros2/ScouMateMainDir/image_publisher/src/install/image_publisher/share/ament_index/resource_index/packages
copying package.xml -> /home/joshikanamani/Ros2/ScouMateMainDir/image_publisher/src/install/image_publisher/share/image_publisher
running install_egg_info
removing '/home/joshikanamani/Ros2/ScouMateMainDir/image_publisher/src/install/image_publisher/lib/python3.8/site-packages/image_publisher-0.0.0-py3.8.egg-info' (and everything under it)
Copying ../build/image_publisher/image_publisher.egg-info to /home/joshikanamani/Ros2/ScouMateMainDir/image_publisher/src/install/image_publisher/lib/python3.8/site-packages/image_publisher-0.0.0-py3.8.egg-info
running install_scripts
Installing camera_publisher script to /home/joshikanamani/Ros2/ScouMateMainDir/image_publisher/src/install/image_publisher/lib/image_publisher
writing list of installed files to '/home/joshikanamani/Ros2/ScouMateMainDir/image_publisher/src/build/image_publisher/install.log'
