[0.254s] DEBUG:colcon:Command line arguments: ['/usr/bin/colcon', 'build']
[0.254s] DEBUG:colcon:Parsed command line arguments: Namespace(allow_overriding=[], ament_cmake_args=None, base_paths=['.'], build_base='build', catkin_cmake_args=None, catkin_skip_building_tests=False, cmake_args=None, cmake_clean_cache=False, cmake_clean_first=False, cmake_force_configure=False, cmake_target=None, cmake_target_skip_unavailable=False, continue_on_error=False, event_handlers=None, executor='parallel', ignore_user_meta=False, install_base='install', log_base=None, log_level=None, main=<bound method BuildVerb.main of <colcon_core.verb.build.BuildVerb object at 0x7fc9b733c3d0>>, merge_install=False, metas=['./colcon.meta'], mixin=None, mixin_files=None, mixin_verb=('build',), packages_above=None, packages_above_and_dependencies=None, packages_above_depth=None, packages_end=None, packages_ignore=None, packages_ignore_regex=None, packages_select=None, packages_select_build_failed=False, packages_select_by_dep=None, packages_select_regex=None, packages_select_test_failures=False, packages_skip=None, packages_skip_build_finished=False, packages_skip_by_dep=None, packages_skip_regex=None, packages_skip_test_passed=False, packages_skip_up_to=None, packages_start=None, packages_up_to=None, packages_up_to_regex=None, parallel_workers=8, paths=None, symlink_install=False, test_result_base=None, verb_extension=<colcon_core.verb.build.BuildVerb object at 0x7fc9b733c3d0>, verb_name='build', verb_parser=<colcon_mixin.mixin.mixin_argument.MixinArgumentDecorator object at 0x7fc9b733cb20>)
[0.298s] Level 1:colcon.colcon_core.package_discovery:discover_packages(colcon_meta) check parameters
[0.298s] Level 1:colcon.colcon_core.package_discovery:discover_packages(recursive) check parameters
[0.298s] Level 1:colcon.colcon_core.package_discovery:discover_packages(ignore) check parameters
[0.298s] Level 1:colcon.colcon_core.package_discovery:discover_packages(path) check parameters
[0.298s] Level 1:colcon.colcon_core.package_discovery:discover_packages(colcon_meta) discover
[0.298s] Level 1:colcon.colcon_core.package_discovery:discover_packages(recursive) discover
[0.298s] INFO:colcon.colcon_core.package_discovery:Crawling recursively for packages in '/home/joshikanamani/Ros2/ScouMateMainDir/image_publisher/src'
[0.298s] Level 1:colcon.colcon_core.package_identification:_identify(.) by extensions ['ignore', 'ignore_ament_install']
[0.298s] Level 1:colcon.colcon_core.package_identification:_identify(.) by extension 'ignore'
[0.298s] Level 1:colcon.colcon_core.package_identification:_identify(.) by extension 'ignore_ament_install'
[0.298s] Level 1:colcon.colcon_core.package_identification:_identify(.) by extensions ['colcon_pkg']
[0.298s] Level 1:colcon.colcon_core.package_identification:_identify(.) by extension 'colcon_pkg'
[0.298s] Level 1:colcon.colcon_core.package_identification:_identify(.) by extensions ['colcon_meta']
[0.298s] Level 1:colcon.colcon_core.package_identification:_identify(.) by extension 'colcon_meta'
[0.298s] Level 1:colcon.colcon_core.package_identification:_identify(.) by extensions ['ros']
[0.299s] Level 1:colcon.colcon_core.package_identification:_identify(.) by extension 'ros'
[0.322s] Level 1:colcon.colcon_core.package_identification:_identify(.) by extensions ['cmake', 'python']
[0.322s] Level 1:colcon.colcon_core.package_identification:_identify(.) by extension 'cmake'
[0.322s] Level 1:colcon.colcon_core.package_identification:_identify(.) by extension 'python'
[0.322s] Level 1:colcon.colcon_core.package_identification:_identify(.) by extensions ['python_setup_py']
[0.322s] Level 1:colcon.colcon_core.package_identification:_identify(.) by extension 'python_setup_py'
[0.322s] Level 1:colcon.colcon_core.package_identification:_identify(build) by extensions ['ignore', 'ignore_ament_install']
[0.322s] Level 1:colcon.colcon_core.package_identification:_identify(build) by extension 'ignore'
[0.322s] Level 1:colcon.colcon_core.package_identification:_identify(build) ignored
[0.322s] Level 1:colcon.colcon_core.package_identification:_identify(image_publisher) by extensions ['ignore', 'ignore_ament_install']
[0.322s] Level 1:colcon.colcon_core.package_identification:_identify(image_publisher) by extension 'ignore'
[0.322s] Level 1:colcon.colcon_core.package_identification:_identify(image_publisher) by extension 'ignore_ament_install'
[0.322s] Level 1:colcon.colcon_core.package_identification:_identify(image_publisher) by extensions ['colcon_pkg']
[0.322s] Level 1:colcon.colcon_core.package_identification:_identify(image_publisher) by extension 'colcon_pkg'
[0.322s] Level 1:colcon.colcon_core.package_identification:_identify(image_publisher) by extensions ['colcon_meta']
[0.322s] Level 1:colcon.colcon_core.package_identification:_identify(image_publisher) by extension 'colcon_meta'
[0.322s] Level 1:colcon.colcon_core.package_identification:_identify(image_publisher) by extensions ['ros']
[0.322s] Level 1:colcon.colcon_core.package_identification:_identify(image_publisher) by extension 'ros'
[0.325s] DEBUG:colcon.colcon_core.package_identification:Package 'image_publisher' with type 'ros.ament_python' and name 'image_publisher'
[0.325s] Level 1:colcon.colcon_core.package_identification:_identify(install) by extensions ['ignore', 'ignore_ament_install']
[0.325s] Level 1:colcon.colcon_core.package_identification:_identify(install) by extension 'ignore'
[0.325s] Level 1:colcon.colcon_core.package_identification:_identify(install) ignored
[0.325s] Level 1:colcon.colcon_core.package_identification:_identify(log) by extensions ['ignore', 'ignore_ament_install']
[0.325s] Level 1:colcon.colcon_core.package_identification:_identify(log) by extension 'ignore'
[0.325s] Level 1:colcon.colcon_core.package_identification:_identify(log) ignored
[0.325s] Level 1:colcon.colcon_core.package_discovery:discover_packages(recursive) using defaults
[0.325s] Level 1:colcon.colcon_core.package_discovery:discover_packages(ignore) discover
[0.325s] Level 1:colcon.colcon_core.package_discovery:discover_packages(ignore) using defaults
[0.325s] Level 1:colcon.colcon_core.package_discovery:discover_packages(path) discover
[0.325s] Level 1:colcon.colcon_core.package_discovery:discover_packages(path) using defaults
[0.343s] Level 1:colcon.colcon_core.package_discovery:discover_packages(prefix_path) check parameters
[0.343s] Level 1:colcon.colcon_core.package_discovery:discover_packages(prefix_path) discover
[0.346s] DEBUG:colcon.colcon_installed_package_information.package_discovery:Found 419 installed packages in /opt/ros/foxy
[0.348s] Level 1:colcon.colcon_core.package_discovery:discover_packages(prefix_path) using defaults
[0.419s] Level 5:colcon.colcon_core.verb:set package 'image_publisher' build argument 'cmake_args' from command line to 'None'
[0.420s] Level 5:colcon.colcon_core.verb:set package 'image_publisher' build argument 'cmake_target' from command line to 'None'
[0.420s] Level 5:colcon.colcon_core.verb:set package 'image_publisher' build argument 'cmake_target_skip_unavailable' from command line to 'False'
[0.420s] Level 5:colcon.colcon_core.verb:set package 'image_publisher' build argument 'cmake_clean_cache' from command line to 'False'
[0.420s] Level 5:colcon.colcon_core.verb:set package 'image_publisher' build argument 'cmake_clean_first' from command line to 'False'
[0.420s] Level 5:colcon.colcon_core.verb:set package 'image_publisher' build argument 'cmake_force_configure' from command line to 'False'
[0.420s] Level 5:colcon.colcon_core.verb:set package 'image_publisher' build argument 'ament_cmake_args' from command line to 'None'
[0.420s] Level 5:colcon.colcon_core.verb:set package 'image_publisher' build argument 'catkin_cmake_args' from command line to 'None'
[0.420s] Level 5:colcon.colcon_core.verb:set package 'image_publisher' build argument 'catkin_skip_building_tests' from command line to 'False'
[0.420s] DEBUG:colcon.colcon_core.verb:Building package 'image_publisher' with the following arguments: {'ament_cmake_args': None, 'build_base': '/home/joshikanamani/Ros2/ScouMateMainDir/image_publisher/src/build/image_publisher', 'catkin_cmake_args': None, 'catkin_skip_building_tests': False, 'cmake_args': None, 'cmake_clean_cache': False, 'cmake_clean_first': False, 'cmake_force_configure': False, 'cmake_target': None, 'cmake_target_skip_unavailable': False, 'install_base': '/home/joshikanamani/Ros2/ScouMateMainDir/image_publisher/src/install/image_publisher', 'merge_install': False, 'path': '/home/joshikanamani/Ros2/ScouMateMainDir/image_publisher/src/image_publisher', 'symlink_install': False, 'test_result_base': None}
[0.420s] INFO:colcon.colcon_core.executor:Executing jobs using 'parallel' executor
[0.421s] DEBUG:colcon.colcon_parallel_executor.executor.parallel:run_until_complete
[0.421s] INFO:colcon.colcon_ros.task.ament_python.build:Building ROS package in '/home/joshikanamani/Ros2/ScouMateMainDir/image_publisher/src/image_publisher' with build type 'ament_python'
[0.421s] Level 1:colcon.colcon_core.shell:create_environment_hook('image_publisher', 'ament_prefix_path')
[0.423s] INFO:colcon.colcon_core.plugin_system:Skipping extension 'colcon_core.shell.bat': Not used on non-Windows systems
[0.423s] INFO:colcon.colcon_core.shell:Creating environment hook '/home/joshikanamani/Ros2/ScouMateMainDir/image_publisher/src/install/image_publisher/share/image_publisher/hook/ament_prefix_path.ps1'
[0.424s] INFO:colcon.colcon_core.shell:Creating environment descriptor '/home/joshikanamani/Ros2/ScouMateMainDir/image_publisher/src/install/image_publisher/share/image_publisher/hook/ament_prefix_path.dsv'
[0.424s] INFO:colcon.colcon_core.shell:Creating environment hook '/home/joshikanamani/Ros2/ScouMateMainDir/image_publisher/src/install/image_publisher/share/image_publisher/hook/ament_prefix_path.sh'
[0.425s] INFO:colcon.colcon_core.shell:Skip shell extension 'powershell' for command environment: Not usable outside of PowerShell
[0.425s] DEBUG:colcon.colcon_core.shell:Skip shell extension 'dsv' for command environment
[0.649s] INFO:colcon.colcon_core.task.python.build:Building Python package in '/home/joshikanamani/Ros2/ScouMateMainDir/image_publisher/src/image_publisher'
[0.649s] INFO:colcon.colcon_core.shell:Skip shell extension 'powershell' for command environment: Not usable outside of PowerShell
[0.649s] DEBUG:colcon.colcon_core.shell:Skip shell extension 'dsv' for command environment
[1.293s] DEBUG:colcon.colcon_core.event_handler.log_command:Invoking command in '/home/joshikanamani/Ros2/ScouMateMainDir/image_publisher/src/image_publisher': PYTHONPATH=/home/joshikanamani/Ros2/ScouMateMainDir/image_publisher/src/build/image_publisher/prefix_override:/usr/lib/python3/dist-packages/colcon_core/task/python/colcon_distutils_commands:/home/joshikanamani/Ros2/ScouMateMainDir/image_publisher/src/install/image_publisher/lib/python3.8/site-packages:${PYTHONPATH} /usr/bin/python3 -W ignore:setup.py install is deprecated -W ignore:easy_install command is deprecated setup.py egg_info --egg-base ../build/image_publisher build --build-base /home/joshikanamani/Ros2/ScouMateMainDir/image_publisher/src/build/image_publisher/build install --record /home/joshikanamani/Ros2/ScouMateMainDir/image_publisher/src/build/image_publisher/install.log --single-version-externally-managed install_data
[1.837s] DEBUG:colcon.colcon_core.event_handler.log_command:Invoked command in '/home/joshikanamani/Ros2/ScouMateMainDir/image_publisher/src/image_publisher' returned '0': PYTHONPATH=/home/joshikanamani/Ros2/ScouMateMainDir/image_publisher/src/build/image_publisher/prefix_override:/usr/lib/python3/dist-packages/colcon_core/task/python/colcon_distutils_commands:/home/joshikanamani/Ros2/ScouMateMainDir/image_publisher/src/install/image_publisher/lib/python3.8/site-packages:${PYTHONPATH} /usr/bin/python3 -W ignore:setup.py install is deprecated -W ignore:easy_install command is deprecated setup.py egg_info --egg-base ../build/image_publisher build --build-base /home/joshikanamani/Ros2/ScouMateMainDir/image_publisher/src/build/image_publisher/build install --record /home/joshikanamani/Ros2/ScouMateMainDir/image_publisher/src/build/image_publisher/install.log --single-version-externally-managed install_data
[1.839s] Level 1:colcon.colcon_core.environment:checking '/home/joshikanamani/Ros2/ScouMateMainDir/image_publisher/src/install/image_publisher' for CMake module files
[1.840s] Level 1:colcon.colcon_core.environment:checking '/home/joshikanamani/Ros2/ScouMateMainDir/image_publisher/src/install/image_publisher' for CMake config files
[1.840s] Level 1:colcon.colcon_core.environment:checking '/home/joshikanamani/Ros2/ScouMateMainDir/image_publisher/src/install/image_publisher/lib'
[1.840s] Level 1:colcon.colcon_core.environment:checking '/home/joshikanamani/Ros2/ScouMateMainDir/image_publisher/src/install/image_publisher/bin'
[1.840s] Level 1:colcon.colcon_core.environment:checking '/home/joshikanamani/Ros2/ScouMateMainDir/image_publisher/src/install/image_publisher/lib/pkgconfig/image_publisher.pc'
[1.841s] Level 1:colcon.colcon_core.environment:checking '/home/joshikanamani/Ros2/ScouMateMainDir/image_publisher/src/install/image_publisher/lib/python3.8/site-packages'
[1.841s] Level 1:colcon.colcon_core.shell:create_environment_hook('image_publisher', 'pythonpath')
[1.841s] INFO:colcon.colcon_core.shell:Creating environment hook '/home/joshikanamani/Ros2/ScouMateMainDir/image_publisher/src/install/image_publisher/share/image_publisher/hook/pythonpath.ps1'
[1.841s] INFO:colcon.colcon_core.shell:Creating environment descriptor '/home/joshikanamani/Ros2/ScouMateMainDir/image_publisher/src/install/image_publisher/share/image_publisher/hook/pythonpath.dsv'
[1.842s] INFO:colcon.colcon_core.shell:Creating environment hook '/home/joshikanamani/Ros2/ScouMateMainDir/image_publisher/src/install/image_publisher/share/image_publisher/hook/pythonpath.sh'
[1.842s] Level 1:colcon.colcon_core.environment:checking '/home/joshikanamani/Ros2/ScouMateMainDir/image_publisher/src/install/image_publisher/bin'
[1.842s] Level 1:colcon.colcon_core.environment:create_environment_scripts_only(image_publisher)
[1.842s] INFO:colcon.colcon_core.shell:Creating package script '/home/joshikanamani/Ros2/ScouMateMainDir/image_publisher/src/install/image_publisher/share/image_publisher/package.ps1'
[1.843s] INFO:colcon.colcon_core.shell:Creating package descriptor '/home/joshikanamani/Ros2/ScouMateMainDir/image_publisher/src/install/image_publisher/share/image_publisher/package.dsv'
[1.844s] INFO:colcon.colcon_core.shell:Creating package script '/home/joshikanamani/Ros2/ScouMateMainDir/image_publisher/src/install/image_publisher/share/image_publisher/package.sh'
[1.844s] INFO:colcon.colcon_core.shell:Creating package script '/home/joshikanamani/Ros2/ScouMateMainDir/image_publisher/src/install/image_publisher/share/image_publisher/package.bash'
[1.845s] INFO:colcon.colcon_core.shell:Creating package script '/home/joshikanamani/Ros2/ScouMateMainDir/image_publisher/src/install/image_publisher/share/image_publisher/package.zsh'
[1.845s] Level 1:colcon.colcon_core.environment:create_file_with_runtime_dependencies(/home/joshikanamani/Ros2/ScouMateMainDir/image_publisher/src/install/image_publisher/share/colcon-core/packages/image_publisher)
[1.846s] DEBUG:colcon.colcon_parallel_executor.executor.parallel:closing loop
[1.846s] DEBUG:colcon.colcon_parallel_executor.executor.parallel:loop closed
[1.846s] DEBUG:colcon.colcon_parallel_executor.executor.parallel:run_until_complete finished with '0'
[1.846s] DEBUG:colcon.colcon_core.event_reactor:joining thread
[1.851s] INFO:colcon.colcon_core.plugin_system:Skipping extension 'colcon_notification.desktop_notification.terminal_notifier': Not used on non-Darwin systems
[1.851s] INFO:colcon.colcon_core.plugin_system:Skipping extension 'colcon_notification.desktop_notification.win32': Not used on non-Windows systems
[1.851s] INFO:colcon.colcon_notification.desktop_notification:Sending desktop notification using 'notify2'
[1.869s] DEBUG:colcon.colcon_core.event_reactor:joined thread
[1.869s] INFO:colcon.colcon_core.shell:Creating prefix script '/home/joshikanamani/Ros2/ScouMateMainDir/image_publisher/src/install/local_setup.ps1'
[1.871s] INFO:colcon.colcon_core.shell:Creating prefix util module '/home/joshikanamani/Ros2/ScouMateMainDir/image_publisher/src/install/_local_setup_util_ps1.py'
[1.873s] INFO:colcon.colcon_core.shell:Creating prefix chain script '/home/joshikanamani/Ros2/ScouMateMainDir/image_publisher/src/install/setup.ps1'
[1.875s] INFO:colcon.colcon_core.shell:Creating prefix script '/home/joshikanamani/Ros2/ScouMateMainDir/image_publisher/src/install/local_setup.sh'
[1.876s] INFO:colcon.colcon_core.shell:Creating prefix util module '/home/joshikanamani/Ros2/ScouMateMainDir/image_publisher/src/install/_local_setup_util_sh.py'
[1.877s] INFO:colcon.colcon_core.shell:Creating prefix chain script '/home/joshikanamani/Ros2/ScouMateMainDir/image_publisher/src/install/setup.sh'
[1.878s] INFO:colcon.colcon_core.shell:Creating prefix script '/home/joshikanamani/Ros2/ScouMateMainDir/image_publisher/src/install/local_setup.bash'
[1.879s] INFO:colcon.colcon_core.shell:Creating prefix chain script '/home/joshikanamani/Ros2/ScouMateMainDir/image_publisher/src/install/setup.bash'
[1.880s] INFO:colcon.colcon_core.shell:Creating prefix script '/home/joshikanamani/Ros2/ScouMateMainDir/image_publisher/src/install/local_setup.zsh'
[1.881s] INFO:colcon.colcon_core.shell:Creating prefix chain script '/home/joshikanamani/Ros2/ScouMateMainDir/image_publisher/src/install/setup.zsh'
