[0.106s] DEBUG:colcon:Command line arguments: ['/usr/bin/colcon', 'build']
[0.106s] DEBUG:colcon:Parsed command line arguments: Namespace(log_base=None, log_level=None, verb_name='build', build_base='build', install_base='install', merge_install=False, symlink_install=False, test_result_base=None, continue_on_error=False, executor='parallel', parallel_workers=8, event_handlers=None, ignore_user_meta=False, metas=['./colcon.meta'], base_paths=['.'], packages_ignore=None, packages_ignore_regex=None, paths=None, packages_up_to=None, packages_up_to_regex=None, packages_above=None, packages_above_and_dependencies=None, packages_above_depth=None, packages_select_by_dep=None, packages_skip_by_dep=None, packages_skip_up_to=None, packages_select_build_failed=False, packages_skip_build_finished=False, packages_select_test_failures=False, packages_skip_test_passed=False, packages_select=None, packages_skip=None, packages_select_regex=None, packages_skip_regex=None, packages_start=None, packages_end=None, cmake_args=None, cmake_target=None, cmake_target_skip_unavailable=False, cmake_clean_cache=False, cmake_clean_first=False, cmake_force_configure=False, ament_cmake_args=None, catkin_cmake_args=None, catkin_skip_building_tests=False, mixin_files=None, mixin=None, verb_parser=<colcon_mixin.mixin.mixin_argument.MixinArgumentDecorator object at 0x7fc4c0e3bfb0>, verb_extension=<colcon_core.verb.build.BuildVerb object at 0x7fc4c0f883e0>, main=<bound method BuildVerb.main of <colcon_core.verb.build.BuildVerb object at 0x7fc4c0f883e0>>, mixin_verb=('build',))
[0.144s] Level 1:colcon.colcon_core.package_discovery:discover_packages(colcon_meta) check parameters
[0.144s] INFO:colcon.colcon_metadata.package_discovery.colcon_meta:Using configuration from '/root/.colcon/metadata/default/Gazebo.meta'
[0.145s] INFO:colcon.colcon_metadata.package_discovery.colcon_meta:Using configuration from '/root/.colcon/metadata/default/fastrtps.meta'
[0.145s] Level 1:colcon.colcon_core.package_discovery:discover_packages(recursive) check parameters
[0.145s] Level 1:colcon.colcon_core.package_discovery:discover_packages(ignore) check parameters
[0.145s] Level 1:colcon.colcon_core.package_discovery:discover_packages(path) check parameters
[0.145s] Level 1:colcon.colcon_core.package_discovery:discover_packages(colcon_meta) discover
[0.145s] Level 1:colcon.colcon_core.package_discovery:discover_packages(recursive) discover
[0.145s] INFO:colcon.colcon_core.package_discovery:Crawling recursively for packages in '/workspace'
[0.145s] Level 1:colcon.colcon_core.package_identification:_identify(.) by extensions ['ignore', 'ignore_ament_install']
[0.145s] Level 1:colcon.colcon_core.package_identification:_identify(.) by extension 'ignore'
[0.145s] Level 1:colcon.colcon_core.package_identification:_identify(.) by extension 'ignore_ament_install'
[0.145s] Level 1:colcon.colcon_core.package_identification:_identify(.) by extensions ['colcon_pkg']
[0.145s] Level 1:colcon.colcon_core.package_identification:_identify(.) by extension 'colcon_pkg'
[0.145s] Level 1:colcon.colcon_core.package_identification:_identify(.) by extensions ['colcon_meta']
[0.145s] Level 1:colcon.colcon_core.package_identification:_identify(.) by extension 'colcon_meta'
[0.146s] Level 1:colcon.colcon_core.package_identification:_identify(.) by extensions ['ros']
[0.146s] Level 1:colcon.colcon_core.package_identification:_identify(.) by extension 'ros'
[0.171s] Level 1:colcon.colcon_core.package_identification:_identify(.) by extensions ['cmake', 'python']
[0.171s] Level 1:colcon.colcon_core.package_identification:_identify(.) by extension 'cmake'
[0.171s] Level 1:colcon.colcon_core.package_identification:_identify(.) by extension 'python'
[0.171s] Level 1:colcon.colcon_core.package_identification:_identify(.) by extensions ['python_setup_py']
[0.171s] Level 1:colcon.colcon_core.package_identification:_identify(.) by extension 'python_setup_py'
[0.171s] Level 1:colcon.colcon_core.package_identification:_identify(build) by extensions ['ignore', 'ignore_ament_install']
[0.171s] Level 1:colcon.colcon_core.package_identification:_identify(build) by extension 'ignore'
[0.171s] Level 1:colcon.colcon_core.package_identification:_identify(build) ignored
[0.171s] Level 1:colcon.colcon_core.package_identification:_identify(install) by extensions ['ignore', 'ignore_ament_install']
[0.171s] Level 1:colcon.colcon_core.package_identification:_identify(install) by extension 'ignore'
[0.171s] Level 1:colcon.colcon_core.package_identification:_identify(install) ignored
[0.171s] Level 1:colcon.colcon_core.package_identification:_identify(log) by extensions ['ignore', 'ignore_ament_install']
[0.172s] Level 1:colcon.colcon_core.package_identification:_identify(log) by extension 'ignore'
[0.172s] Level 1:colcon.colcon_core.package_identification:_identify(log) ignored
[0.172s] Level 1:colcon.colcon_core.package_identification:_identify(src) by extensions ['ignore', 'ignore_ament_install']
[0.172s] Level 1:colcon.colcon_core.package_identification:_identify(src) by extension 'ignore'
[0.172s] Level 1:colcon.colcon_core.package_identification:_identify(src) by extension 'ignore_ament_install'
[0.172s] Level 1:colcon.colcon_core.package_identification:_identify(src) by extensions ['colcon_pkg']
[0.172s] Level 1:colcon.colcon_core.package_identification:_identify(src) by extension 'colcon_pkg'
[0.172s] Level 1:colcon.colcon_core.package_identification:_identify(src) by extensions ['colcon_meta']
[0.172s] Level 1:colcon.colcon_core.package_identification:_identify(src) by extension 'colcon_meta'
[0.172s] Level 1:colcon.colcon_core.package_identification:_identify(src) by extensions ['ros']
[0.172s] Level 1:colcon.colcon_core.package_identification:_identify(src) by extension 'ros'
[0.172s] Level 1:colcon.colcon_core.package_identification:_identify(src) by extensions ['cmake', 'python']
[0.172s] Level 1:colcon.colcon_core.package_identification:_identify(src) by extension 'cmake'
[0.172s] Level 1:colcon.colcon_core.package_identification:_identify(src) by extension 'python'
[0.172s] Level 1:colcon.colcon_core.package_identification:_identify(src) by extensions ['python_setup_py']
[0.172s] Level 1:colcon.colcon_core.package_identification:_identify(src) by extension 'python_setup_py'
[0.172s] Level 1:colcon.colcon_core.package_identification:_identify(src/vehicle_teleop_key) by extensions ['ignore', 'ignore_ament_install']
[0.172s] Level 1:colcon.colcon_core.package_identification:_identify(src/vehicle_teleop_key) by extension 'ignore'
[0.172s] Level 1:colcon.colcon_core.package_identification:_identify(src/vehicle_teleop_key) by extension 'ignore_ament_install'
[0.172s] Level 1:colcon.colcon_core.package_identification:_identify(src/vehicle_teleop_key) by extensions ['colcon_pkg']
[0.172s] Level 1:colcon.colcon_core.package_identification:_identify(src/vehicle_teleop_key) by extension 'colcon_pkg'
[0.172s] Level 1:colcon.colcon_core.package_identification:_identify(src/vehicle_teleop_key) by extensions ['colcon_meta']
[0.172s] Level 1:colcon.colcon_core.package_identification:_identify(src/vehicle_teleop_key) by extension 'colcon_meta'
[0.172s] Level 1:colcon.colcon_core.package_identification:_identify(src/vehicle_teleop_key) by extensions ['ros']
[0.173s] Level 1:colcon.colcon_core.package_identification:_identify(src/vehicle_teleop_key) by extension 'ros'
[0.175s] DEBUG:colcon.colcon_core.package_identification:Package 'src/vehicle_teleop_key' with type 'ros.ament_cmake' and name 'vehicle_teleop_key'
[0.175s] Level 1:colcon.colcon_core.package_discovery:discover_packages(recursive) using defaults
[0.175s] Level 1:colcon.colcon_core.package_discovery:discover_packages(ignore) discover
[0.175s] Level 1:colcon.colcon_core.package_discovery:discover_packages(ignore) using defaults
[0.175s] Level 1:colcon.colcon_core.package_discovery:discover_packages(path) discover
[0.175s] Level 1:colcon.colcon_core.package_discovery:discover_packages(path) using defaults
[0.193s] Level 5:colcon.colcon_core.verb:set package 'vehicle_teleop_key' build argument 'cmake_args' from command line to 'None'
[0.193s] Level 5:colcon.colcon_core.verb:set package 'vehicle_teleop_key' build argument 'cmake_target' from command line to 'None'
[0.193s] Level 5:colcon.colcon_core.verb:set package 'vehicle_teleop_key' build argument 'cmake_target_skip_unavailable' from command line to 'False'
[0.193s] Level 5:colcon.colcon_core.verb:set package 'vehicle_teleop_key' build argument 'cmake_clean_cache' from command line to 'False'
[0.193s] Level 5:colcon.colcon_core.verb:set package 'vehicle_teleop_key' build argument 'cmake_clean_first' from command line to 'False'
[0.193s] Level 5:colcon.colcon_core.verb:set package 'vehicle_teleop_key' build argument 'cmake_force_configure' from command line to 'False'
[0.193s] Level 5:colcon.colcon_core.verb:set package 'vehicle_teleop_key' build argument 'ament_cmake_args' from command line to 'None'
[0.193s] Level 5:colcon.colcon_core.verb:set package 'vehicle_teleop_key' build argument 'catkin_cmake_args' from command line to 'None'
[0.193s] Level 5:colcon.colcon_core.verb:set package 'vehicle_teleop_key' build argument 'catkin_skip_building_tests' from command line to 'False'
[0.193s] DEBUG:colcon.colcon_core.verb:Building package 'vehicle_teleop_key' with the following arguments: {'ament_cmake_args': None, 'build_base': '/workspace/build/vehicle_teleop_key', 'catkin_cmake_args': None, 'catkin_skip_building_tests': False, 'cmake_args': None, 'cmake_clean_cache': False, 'cmake_clean_first': False, 'cmake_force_configure': False, 'cmake_target': None, 'cmake_target_skip_unavailable': False, 'install_base': '/workspace/install/vehicle_teleop_key', 'merge_install': False, 'path': '/workspace/src/vehicle_teleop_key', 'symlink_install': False, 'test_result_base': None}
[0.193s] INFO:colcon.colcon_core.executor:Executing jobs using 'parallel' executor
[0.194s] DEBUG:colcon.colcon_parallel_executor.executor.parallel:run_until_complete
[0.195s] INFO:colcon.colcon_ros.task.ament_cmake.build:Building ROS package in '/workspace/src/vehicle_teleop_key' with build type 'ament_cmake'
[0.195s] INFO:colcon.colcon_cmake.task.cmake.build:Building CMake package in '/workspace/src/vehicle_teleop_key'
[0.197s] INFO:colcon.colcon_core.plugin_system:Skipping extension 'colcon_core.shell.bat': Not used on non-Windows systems
[0.197s] INFO:colcon.colcon_core.shell:Skip shell extension 'powershell' for command environment: Not usable outside of PowerShell
[0.197s] DEBUG:colcon.colcon_core.shell:Skip shell extension 'dsv' for command environment
[0.204s] DEBUG:colcon.colcon_core.event_handler.log_command:Invoking command in '/workspace/build/vehicle_teleop_key': CMAKE_PREFIX_PATH=/opt/ros/jazzy /usr/bin/cmake /workspace/src/vehicle_teleop_key -DCMAKE_INSTALL_PREFIX=/workspace/install/vehicle_teleop_key
[1.913s] DEBUG:colcon.colcon_core.event_handler.log_command:Invoked command in '/workspace/build/vehicle_teleop_key' returned '0': CMAKE_PREFIX_PATH=/opt/ros/jazzy /usr/bin/cmake /workspace/src/vehicle_teleop_key -DCMAKE_INSTALL_PREFIX=/workspace/install/vehicle_teleop_key
[1.913s] DEBUG:colcon.colcon_core.event_handler.log_command:Invoking command in '/workspace/build/vehicle_teleop_key': CMAKE_PREFIX_PATH=/opt/ros/jazzy /usr/bin/cmake --build /workspace/build/vehicle_teleop_key -- -j8 -l8
[6.357s] DEBUG:colcon.colcon_core.event_handler.log_command:Invoked command in '/workspace/build/vehicle_teleop_key' returned '0': CMAKE_PREFIX_PATH=/opt/ros/jazzy /usr/bin/cmake --build /workspace/build/vehicle_teleop_key -- -j8 -l8
[6.365s] DEBUG:colcon.colcon_core.event_handler.log_command:Invoking command in '/workspace/build/vehicle_teleop_key': CMAKE_PREFIX_PATH=/opt/ros/jazzy /usr/bin/cmake --install /workspace/build/vehicle_teleop_key
[6.377s] Level 1:colcon.colcon_core.environment:create_environment_scripts_only(vehicle_teleop_key)
[6.377s] DEBUG:colcon.colcon_core.event_handler.log_command:Invoked command in '/workspace/build/vehicle_teleop_key' returned '0': CMAKE_PREFIX_PATH=/opt/ros/jazzy /usr/bin/cmake --install /workspace/build/vehicle_teleop_key
[6.379s] Level 1:colcon.colcon_core.environment:checking '/workspace/install/vehicle_teleop_key' for CMake module files
[6.380s] Level 1:colcon.colcon_core.environment:checking '/workspace/install/vehicle_teleop_key' for CMake config files
[6.380s] Level 1:colcon.colcon_core.shell:create_environment_hook('vehicle_teleop_key', 'cmake_prefix_path')
[6.380s] INFO:colcon.colcon_core.shell:Creating environment hook '/workspace/install/vehicle_teleop_key/share/vehicle_teleop_key/hook/cmake_prefix_path.ps1'
[6.381s] INFO:colcon.colcon_core.shell:Creating environment descriptor '/workspace/install/vehicle_teleop_key/share/vehicle_teleop_key/hook/cmake_prefix_path.dsv'
[6.381s] INFO:colcon.colcon_core.shell:Creating environment hook '/workspace/install/vehicle_teleop_key/share/vehicle_teleop_key/hook/cmake_prefix_path.sh'
[6.382s] Level 1:colcon.colcon_core.environment:checking '/workspace/install/vehicle_teleop_key/lib'
[6.382s] Level 1:colcon.colcon_core.environment:checking '/workspace/install/vehicle_teleop_key/bin'
[6.382s] Level 1:colcon.colcon_core.environment:checking '/workspace/install/vehicle_teleop_key/lib/pkgconfig/vehicle_teleop_key.pc'
[6.384s] Level 1:colcon.colcon_core.environment:checking '/workspace/install/vehicle_teleop_key/lib/python3.12/site-packages'
[6.384s] Level 1:colcon.colcon_core.environment:checking '/workspace/install/vehicle_teleop_key/bin'
[6.384s] INFO:colcon.colcon_core.shell:Creating package script '/workspace/install/vehicle_teleop_key/share/vehicle_teleop_key/package.ps1'
[6.385s] INFO:colcon.colcon_core.shell:Creating package descriptor '/workspace/install/vehicle_teleop_key/share/vehicle_teleop_key/package.dsv'
[6.386s] INFO:colcon.colcon_core.shell:Creating package script '/workspace/install/vehicle_teleop_key/share/vehicle_teleop_key/package.sh'
[6.386s] INFO:colcon.colcon_core.shell:Creating package script '/workspace/install/vehicle_teleop_key/share/vehicle_teleop_key/package.bash'
[6.387s] INFO:colcon.colcon_core.shell:Creating package script '/workspace/install/vehicle_teleop_key/share/vehicle_teleop_key/package.zsh'
[6.387s] Level 1:colcon.colcon_core.environment:create_file_with_runtime_dependencies(/workspace/install/vehicle_teleop_key/share/colcon-core/packages/vehicle_teleop_key)
[6.388s] Level 1:colcon.colcon_core.environment:create_environment_scripts_only(vehicle_teleop_key)
[6.388s] Level 1:colcon.colcon_core.environment:checking '/workspace/install/vehicle_teleop_key' for CMake module files
[6.389s] Level 1:colcon.colcon_core.environment:checking '/workspace/install/vehicle_teleop_key' for CMake config files
[6.389s] Level 1:colcon.colcon_core.shell:create_environment_hook('vehicle_teleop_key', 'cmake_prefix_path')
[6.389s] INFO:colcon.colcon_core.shell:Creating environment hook '/workspace/install/vehicle_teleop_key/share/vehicle_teleop_key/hook/cmake_prefix_path.ps1'
[6.390s] INFO:colcon.colcon_core.shell:Creating environment descriptor '/workspace/install/vehicle_teleop_key/share/vehicle_teleop_key/hook/cmake_prefix_path.dsv'
[6.390s] INFO:colcon.colcon_core.shell:Creating environment hook '/workspace/install/vehicle_teleop_key/share/vehicle_teleop_key/hook/cmake_prefix_path.sh'
[6.391s] Level 1:colcon.colcon_core.environment:checking '/workspace/install/vehicle_teleop_key/lib'
[6.391s] Level 1:colcon.colcon_core.environment:checking '/workspace/install/vehicle_teleop_key/bin'
[6.391s] Level 1:colcon.colcon_core.environment:checking '/workspace/install/vehicle_teleop_key/lib/pkgconfig/vehicle_teleop_key.pc'
[6.392s] Level 1:colcon.colcon_core.environment:checking '/workspace/install/vehicle_teleop_key/lib/python3.12/site-packages'
[6.392s] Level 1:colcon.colcon_core.environment:checking '/workspace/install/vehicle_teleop_key/bin'
[6.393s] INFO:colcon.colcon_core.shell:Creating package script '/workspace/install/vehicle_teleop_key/share/vehicle_teleop_key/package.ps1'
[6.394s] INFO:colcon.colcon_core.shell:Creating package descriptor '/workspace/install/vehicle_teleop_key/share/vehicle_teleop_key/package.dsv'
[6.394s] INFO:colcon.colcon_core.shell:Creating package script '/workspace/install/vehicle_teleop_key/share/vehicle_teleop_key/package.sh'
[6.395s] INFO:colcon.colcon_core.shell:Creating package script '/workspace/install/vehicle_teleop_key/share/vehicle_teleop_key/package.bash'
[6.396s] INFO:colcon.colcon_core.shell:Creating package script '/workspace/install/vehicle_teleop_key/share/vehicle_teleop_key/package.zsh'
[6.396s] Level 1:colcon.colcon_core.environment:create_file_with_runtime_dependencies(/workspace/install/vehicle_teleop_key/share/colcon-core/packages/vehicle_teleop_key)
[6.397s] DEBUG:colcon.colcon_parallel_executor.executor.parallel:closing loop
[6.398s] DEBUG:colcon.colcon_parallel_executor.executor.parallel:loop closed
[6.398s] DEBUG:colcon.colcon_parallel_executor.executor.parallel:run_until_complete finished with '0'
[6.398s] DEBUG:colcon.colcon_core.event_reactor:joining thread
[6.405s] INFO:colcon.colcon_core.plugin_system:Skipping extension 'colcon_notification.desktop_notification.notify_send': Could not find 'notify-send'
[6.405s] INFO:colcon.colcon_core.plugin_system:Skipping extension 'colcon_notification.desktop_notification.terminal_notifier': Not used on non-Darwin systems
[6.405s] INFO:colcon.colcon_core.plugin_system:Skipping extension 'colcon_notification.desktop_notification.win32': Not used on non-Windows systems
[6.405s] INFO:colcon.colcon_notification.desktop_notification:Sending desktop notification using 'notify2'
[6.405s] DEBUG:colcon.colcon_notification.desktop_notification.notify2:Failed to initialize notify2: org.freedesktop.DBus.Error.NotSupported: Unable to autolaunch a dbus-daemon without a $DISPLAY for X11
[6.405s] DEBUG:colcon.colcon_core.event_reactor:joined thread
[6.406s] INFO:colcon.colcon_core.shell:Creating prefix script '/workspace/install/local_setup.ps1'
[6.406s] INFO:colcon.colcon_core.shell:Creating prefix util module '/workspace/install/_local_setup_util_ps1.py'
[6.408s] INFO:colcon.colcon_core.shell:Creating prefix chain script '/workspace/install/setup.ps1'
[6.409s] INFO:colcon.colcon_core.shell:Creating prefix script '/workspace/install/local_setup.sh'
[6.411s] INFO:colcon.colcon_core.shell:Creating prefix util module '/workspace/install/_local_setup_util_sh.py'
[6.412s] INFO:colcon.colcon_core.shell:Creating prefix chain script '/workspace/install/setup.sh'
[6.415s] INFO:colcon.colcon_core.shell:Creating prefix script '/workspace/install/local_setup.bash'
[6.416s] INFO:colcon.colcon_core.shell:Creating prefix chain script '/workspace/install/setup.bash'
[6.417s] INFO:colcon.colcon_core.shell:Creating prefix script '/workspace/install/local_setup.zsh'
[6.418s] INFO:colcon.colcon_core.shell:Creating prefix chain script '/workspace/install/setup.zsh'
